def {"allure_id":"321","classname":"KeysScenario","external_id":"ALLURE-321","name":"allureOnly","namespace":"app.doqa.e2e4.regression","runner_method":"allureOnly","steps":[{"kind":"before","steps":[{"title":"prepare"}],"title":"setUp"},{"kind":"after","steps":[{"title":"clean up"}],"title":"tearDown"}]}
def {"allure_id":"654","classname":"KeysScenario","external_id":"EXPLICIT-1","name":"explicitBeatsAllure","namespace":"app.doqa.e2e4.regression","runner_method":"explicitBeatsAllure","steps":[{"kind":"before","steps":[{"title":"prepare"}],"title":"setUp"},{"kind":"after","steps":[{"title":"clean up"}],"title":"tearDown"}]}
def {"allure_id":"777","classname":"ClassAllureScenario","external_id":"ALLURE-777","name":"only","namespace":"app.doqa.e2e4.regression","runner_method":"only"}
def {"case_ids":[13,11,12],"classname":"KeysScenario","external_id":"junit4:442ba4f3072606d69867239365f924e8d96ed9f7","labels":["owner:qa","component:payments"],"name":"Annotated display name","namespace":"app.doqa.e2e4.regression","runner_method":"annotated","steps":[{"kind":"before","steps":[{"title":"prepare"}],"title":"setUp"},{"kind":"after","steps":[{"title":"clean up"}],"title":"tearDown"}],"tags":["extra","Fast"],"title":"Annotated title"}
def {"classname":"ClassIdScenario","external_id":"CLASS-ID-1","name":"second","namespace":"app.doqa.e2e4.regression","runner_method":"second"}
def {"classname":"Custom","external_id":"junit4:0b293d6ea4150d63452ae7045ac66fd407ed9f58","name":"customCoordinates","namespace":"custom.ns","runner_method":"customCoordinates","steps":[{"kind":"before","steps":[{"title":"prepare"}],"title":"setUp"},{"kind":"after","steps":[{"title":"clean up"}],"title":"tearDown"}]}
def {"classname":"KeysScenario","external_id":"RUNTIME-1","name":"runtimeId","namespace":"app.doqa.e2e4.regression","runner_method":"runtimeId","steps":[{"kind":"before","steps":[{"title":"prepare"}],"title":"setUp"},{"kind":"after","steps":[{"title":"clean up"}],"title":"tearDown"}]}
def {"classname":"KeysScenario","external_id":"junit4:2ca9d4e5ead19ee868c5e292995371edad5d1d4a","name":"ignored","namespace":"app.doqa.e2e4.regression","runner_method":"ignored"}
def {"classname":"KeysScenario","external_id":"junit4:335e2aba5684341469953e749b0b4ae07021cca6","name":"assumptionSkips","namespace":"app.doqa.e2e4.regression","runner_method":"assumptionSkips","steps":[{"kind":"before","steps":[{"title":"prepare"}],"title":"setUp"},{"kind":"after","steps":[{"title":"clean up"}],"title":"tearDown"}]}
def {"classname":"KeysScenario","external_id":"junit4:751c726886933dbe4ab206dac9d274456b19f440","name":"failsAssertion","namespace":"app.doqa.e2e4.regression","runner_method":"failsAssertion","steps":[{"kind":"before","steps":[{"title":"prepare"}],"title":"setUp"},{"kind":"after","steps":[{"title":"clean up"}],"title":"tearDown"}]}
def {"classname":"KeysScenario","external_id":"junit4:ba037daa8c186fd5005e67afc72e6f50bb0c29a6","name":"breaks","namespace":"app.doqa.e2e4.regression","runner_method":"breaks","steps":[{"kind":"before","steps":[{"title":"prepare"}],"title":"setUp"},{"kind":"after","steps":[{"title":"clean up"}],"title":"tearDown"}]}
def {"classname":"KeysScenario","external_id":"junit4:d8cf575cea807a48160cfef5a9a3951aaeab9731","name":"plainHash","namespace":"app.doqa.e2e4.regression","runner_method":"plainHash","steps":[{"kind":"before","steps":[{"title":"prepare"}],"title":"setUp"},{"kind":"step","steps":[{"title":"helper inner"}],"title":"outer"},{"kind":"after","steps":[{"title":"clean up"}],"title":"tearDown"}]}
def {"classname":"ParamKeysScenario","external_id":"PAY4-EUR","name":"Pay 10 in EUR","namespace":"app.doqa.e2e4.regression","runner_method":"placeholders"}
def {"classname":"ParamKeysScenario","external_id":"PAY4-USD","name":"Pay 20 in USD","namespace":"app.doqa.e2e4.regression","runner_method":"placeholders"}
def {"classname":"ParamKeysScenario","external_id":"junit4:fc17a3bcd2193cf157fbae6e83ac50334dc0ed95","name":"collapsed[0: currency=EUR]","namespace":"app.doqa.e2e4.regression","runner_method":"collapsed"}
def {"classname":"PlainParamScenario","external_id":"DOQA-9","name":"named[0: @DOQA:9 alpha]","namespace":"app.doqa.e2e4.regression","runner_method":"named"}
result {"external_id":"ALLURE-321","name":"allureOnly","outcome":"passed","properties":[{"name":"framework","value":"junit4"},{"name":"language","value":"java"},{"name":"package","value":"app.doqa.e2e4.regression"},{"name":"testClass","value":"KeysScenario"},{"name":"suite","value":"KeysScenario"}],"setup_results":[{"outcome":"passed","steps":[{"outcome":"passed","title":"prepare"}],"title":"setUp"}],"teardown_results":[{"outcome":"passed","steps":[{"outcome":"passed","title":"clean up"}],"title":"tearDown"}]}
result {"external_id":"ALLURE-777","name":"only","outcome":"passed","properties":[{"name":"framework","value":"junit4"},{"name":"language","value":"java"},{"name":"package","value":"app.doqa.e2e4.regression"},{"name":"testClass","value":"ClassAllureScenario"},{"name":"suite","value":"ClassAllureScenario"}]}
result {"external_id":"CLASS-ID-1","name":"first","outcome":"passed","properties":[{"name":"framework","value":"junit4"},{"name":"language","value":"java"},{"name":"package","value":"app.doqa.e2e4.regression"},{"name":"testClass","value":"ClassIdScenario"},{"name":"suite","value":"ClassIdScenario"}]}
result {"external_id":"CLASS-ID-1","name":"second","outcome":"passed","properties":[{"name":"framework","value":"junit4"},{"name":"language","value":"java"},{"name":"package","value":"app.doqa.e2e4.regression"},{"name":"testClass","value":"ClassIdScenario"},{"name":"suite","value":"ClassIdScenario"}]}
result {"external_id":"DOQA-9","name":"named[0: @DOQA:9 alpha]","outcome":"passed","parameters":[{"name":"arguments","value":"@DOQA:9 alpha"}],"properties":[{"name":"framework","value":"junit4"},{"name":"language","value":"java"},{"name":"package","value":"app.doqa.e2e4.regression"},{"name":"testClass","value":"PlainParamScenario"},{"name":"suite","value":"PlainParamScenario"}]}
result {"external_id":"DOQA-9","name":"named[1: @DOQA:9 beta]","outcome":"passed","parameters":[{"name":"arguments","value":"@DOQA:9 beta"}],"properties":[{"name":"framework","value":"junit4"},{"name":"language","value":"java"},{"name":"package","value":"app.doqa.e2e4.regression"},{"name":"testClass","value":"PlainParamScenario"},{"name":"suite","value":"PlainParamScenario"}]}
result {"external_id":"EXPLICIT-1","name":"explicitBeatsAllure","outcome":"passed","properties":[{"name":"framework","value":"junit4"},{"name":"language","value":"java"},{"name":"package","value":"app.doqa.e2e4.regression"},{"name":"testClass","value":"KeysScenario"},{"name":"suite","value":"KeysScenario"}],"setup_results":[{"outcome":"passed","steps":[{"outcome":"passed","title":"prepare"}],"title":"setUp"}],"teardown_results":[{"outcome":"passed","steps":[{"outcome":"passed","title":"clean up"}],"title":"tearDown"}]}
result {"external_id":"PAY4-EUR","name":"Pay 10 in EUR","outcome":"passed","parameters":[{"name":"currency","value":"EUR"},{"name":"amount","value":"10"}],"properties":[{"name":"framework","value":"junit4"},{"name":"language","value":"java"},{"name":"package","value":"app.doqa.e2e4.regression"},{"name":"testClass","value":"ParamKeysScenario"},{"name":"suite","value":"ParamKeysScenario"}]}
result {"external_id":"PAY4-USD","name":"Pay 20 in USD","outcome":"passed","parameters":[{"name":"currency","value":"USD"},{"name":"amount","value":"20"}],"properties":[{"name":"framework","value":"junit4"},{"name":"language","value":"java"},{"name":"package","value":"app.doqa.e2e4.regression"},{"name":"testClass","value":"ParamKeysScenario"},{"name":"suite","value":"ParamKeysScenario"}]}
result {"external_id":"RUNTIME-1","name":"runtimeId","outcome":"passed","properties":[{"name":"framework","value":"junit4"},{"name":"language","value":"java"},{"name":"package","value":"app.doqa.e2e4.regression"},{"name":"testClass","value":"KeysScenario"},{"name":"suite","value":"KeysScenario"}],"setup_results":[{"outcome":"passed","steps":[{"outcome":"passed","title":"prepare"}],"title":"setUp"}],"teardown_results":[{"outcome":"passed","steps":[{"outcome":"passed","title":"clean up"}],"title":"tearDown"}]}
result {"external_id":"junit4:0b293d6ea4150d63452ae7045ac66fd407ed9f58","name":"customCoordinates","outcome":"passed","properties":[{"name":"framework","value":"junit4"},{"name":"language","value":"java"},{"name":"package","value":"custom.ns"},{"name":"testClass","value":"Custom"},{"name":"suite","value":"Custom"}],"setup_results":[{"outcome":"passed","steps":[{"outcome":"passed","title":"prepare"}],"title":"setUp"}],"teardown_results":[{"outcome":"passed","steps":[{"outcome":"passed","title":"clean up"}],"title":"tearDown"}]}
result {"external_id":"junit4:2ca9d4e5ead19ee868c5e292995371edad5d1d4a","message":"not today","name":"ignored","outcome":"skipped","properties":[{"name":"framework","value":"junit4"},{"name":"language","value":"java"},{"name":"package","value":"app.doqa.e2e4.regression"},{"name":"testClass","value":"KeysScenario"},{"name":"suite","value":"KeysScenario"}]}
result {"external_id":"junit4:335e2aba5684341469953e749b0b4ae07021cca6","message":"not here","name":"assumptionSkips","outcome":"skipped","properties":[{"name":"framework","value":"junit4"},{"name":"language","value":"java"},{"name":"package","value":"app.doqa.e2e4.regression"},{"name":"testClass","value":"KeysScenario"},{"name":"suite","value":"KeysScenario"}],"setup_results":[{"outcome":"passed","steps":[{"outcome":"passed","title":"prepare"}],"title":"setUp"}],"teardown_results":[{"outcome":"passed","steps":[{"outcome":"passed","title":"clean up"}],"title":"tearDown"}]}
result {"external_id":"junit4:442ba4f3072606d69867239365f924e8d96ed9f7","name":"Annotated display name","outcome":"passed","properties":[{"name":"framework","value":"junit4"},{"name":"language","value":"java"},{"name":"package","value":"app.doqa.e2e4.regression"},{"name":"testClass","value":"KeysScenario"},{"name":"suite","value":"KeysScenario"}],"setup_results":[{"outcome":"passed","steps":[{"outcome":"passed","title":"prepare"}],"title":"setUp"}],"teardown_results":[{"outcome":"passed","steps":[{"outcome":"passed","title":"clean up"}],"title":"tearDown"}]}
result {"external_id":"junit4:751c726886933dbe4ab206dac9d274456b19f440","message":"boom","name":"failsAssertion","outcome":"failed","properties":[{"name":"framework","value":"junit4"},{"name":"language","value":"java"},{"name":"package","value":"app.doqa.e2e4.regression"},{"name":"testClass","value":"KeysScenario"},{"name":"suite","value":"KeysScenario"}],"setup_results":[{"outcome":"passed","steps":[{"outcome":"passed","title":"prepare"}],"title":"setUp"}],"teardown_results":[{"outcome":"passed","steps":[{"outcome":"passed","title":"clean up"}],"title":"tearDown"}]}
result {"external_id":"junit4:ba037daa8c186fd5005e67afc72e6f50bb0c29a6","message":"io error","name":"breaks","outcome":"broken","properties":[{"name":"framework","value":"junit4"},{"name":"language","value":"java"},{"name":"package","value":"app.doqa.e2e4.regression"},{"name":"testClass","value":"KeysScenario"},{"name":"suite","value":"KeysScenario"}],"setup_results":[{"outcome":"passed","steps":[{"outcome":"passed","title":"prepare"}],"title":"setUp"}],"teardown_results":[{"outcome":"passed","steps":[{"outcome":"passed","title":"clean up"}],"title":"tearDown"}]}
result {"external_id":"junit4:d8cf575cea807a48160cfef5a9a3951aaeab9731","name":"plainHash","outcome":"passed","properties":[{"name":"framework","value":"junit4"},{"name":"language","value":"java"},{"name":"package","value":"app.doqa.e2e4.regression"},{"name":"testClass","value":"KeysScenario"},{"name":"suite","value":"KeysScenario"}],"setup_results":[{"outcome":"passed","steps":[{"outcome":"passed","title":"prepare"}],"title":"setUp"}],"step_results":[{"outcome":"passed","steps":[{"outcome":"passed","title":"helper inner"}],"title":"outer"}],"teardown_results":[{"outcome":"passed","steps":[{"outcome":"passed","title":"clean up"}],"title":"tearDown"}]}
result {"external_id":"junit4:fc17a3bcd2193cf157fbae6e83ac50334dc0ed95","name":"collapsed[0: currency=EUR]","outcome":"passed","parameters":[{"name":"currency","value":"EUR"},{"name":"amount","value":"10"}],"properties":[{"name":"framework","value":"junit4"},{"name":"language","value":"java"},{"name":"package","value":"app.doqa.e2e4.regression"},{"name":"testClass","value":"ParamKeysScenario"},{"name":"suite","value":"ParamKeysScenario"}]}
result {"external_id":"junit4:fc17a3bcd2193cf157fbae6e83ac50334dc0ed95","name":"collapsed[1: currency=USD]","outcome":"passed","parameters":[{"name":"currency","value":"USD"},{"name":"amount","value":"20"}],"properties":[{"name":"framework","value":"junit4"},{"name":"language","value":"java"},{"name":"package","value":"app.doqa.e2e4.regression"},{"name":"testClass","value":"ParamKeysScenario"},{"name":"suite","value":"ParamKeysScenario"}]}
